// Jest Snapshot v1, https://goo.gl/fbAQLP

exports[`renders Menu correctly  1`] = `
<div>
  <div
    class="makeStyles-root-1"
  >
    <div>
      <button
        aria-haspopup="true"
        class="MuiButtonBase-root MuiButton-root MuiButton-text"
        tabindex="0"
        type="button"
      >
        <span
          class="MuiButton-label"
        >
          Sort:
        </span>
        <span
          class="MuiTouchRipple-root"
        />
      </button>
    </div>
  </div>
</div>
`;
