// Jest Snapshot v1, https://goo.gl/fbAQLP

exports[`renders Menu correctly  1`] = `
<div>
  <div>
    <button
      aria-haspopup="true"
      class="MuiButtonBase-root MuiButton-root MuiButton-text"
      tabindex="0"
      type="button"
    >
      <span
        class="MuiButton-label"
      >
        Filter:
      </span>
      <span
        class="MuiTouchRipple-root"
      />
    </button>
  </div>
</div>
`;
